// Jest Snapshot v1, https://goo.gl/fbAQLP

exports[`<ClinicDashboard /> Renders correctly 1`] = `ShallowWrapper {}`;
