// Jest Snapshot v1, https://goo.gl/fbAQLP

exports[`<Clinic/> Renders correctly 1`] = `ShallowWrapper {}`;
