// Jest Snapshot v1, https://goo.gl/fbAQLP

exports[`<DonorDashboard/> Renders correctly 1`] = `ShallowWrapper {}`;
