// Jest Snapshot v1, https://goo.gl/fbAQLP

exports[`<Donor/> Renders correctly 1`] = `ShallowWrapper {}`;
