// Jest Snapshot v1, https://goo.gl/fbAQLP

exports[`<NavBarDashboard/> Renders correctly 1`] = `ShallowWrapper {}`;
