// Jest Snapshot v1, https://goo.gl/fbAQLP

exports[`<Scheduler/> Renders correctly 1`] = `ShallowWrapper {}`;
