// Jest Snapshot v1, https://goo.gl/fbAQLP

exports[`<TimeslotCard/> Renders correctly 1`] = `undefined`;
